This is a test
and this log could be really long

LIke 300 lines long

or even more!
[2025-12-19 23:55:32] Starting Teams Status Lamp...
[2025-12-19 23:55:39] Controller started.
[2025-12-19 23:55:51] Connected to COM8 (VID:6790 PID:29987 SN:)
[2025-12-19 23:55:51] Status Change: No Active Teams Call Detected
[2025-12-19 23:56:05] Status Change: Detected Active Teams Call
[2025-12-19 23:56:11] Status Change: No Active Teams Call Detected
[2025-12-19 23:56:16] Status Change: Detected Active Teams Call
[2025-12-19 23:56:18] Status Change: No Active Teams Call Detected
[2025-12-19 23:56:22] Status Change: Detected Active Teams Call
[2025-12-19 23:56:24] Status Change: No Active Teams Call Detected
[2025-12-19 23:56:37] Disconnect Status Change: Stopped
[2025-12-20 00:01:13] Starting Teams Status Lamp...
[2025-12-20 00:01:17] Controller started.
[2025-12-20 00:01:19] Connected to COM8 (VID:6790 PID:29987 SN:)
[2025-12-20 00:01:19] Status Change: No Active Teams Call Detected
[2025-12-20 00:01:26] Disconnect Status Change: Stopped
[2025-12-20 00:01:29] Controller started.
[2025-12-20 00:01:31] Connected to COM8 (VID:6790 PID:29987 SN:)
[2025-12-20 00:01:31] Status Change: No Active Teams Call Detected
[2025-12-20 00:01:42] Disconnect Status Change: Stopped
[2025-12-20 00:01:49] Starting Teams Status Lamp...
[2025-12-20 00:01:50] Controller started.
[2025-12-20 00:01:52] Connected to COM8 (VID:6790 PID:29987 SN:)
[2025-12-20 00:01:52] Status Change: No Active Teams Call Detected
[2025-12-20 00:02:10] Disconnect Status Change: Stopped
